// Jest Snapshot v1, https://goo.gl/fbAQLP

exports[`Login renders the component 1`] = `
Object {
  "asFragment": [Function],
  "baseElement": <body>
    <div>
      <div
        class="px-8 flex h-screen max-w-screen-md mx-auto"
      >
        <div
          class="my-auto w-full"
        >
          <h1
            class="text-3xl font-bold mb-6 text-center"
          >
            Employee Polls
          </h1>
          <h2
            class="text-2xl font-medium mb-2 text-center"
          >
            Log In
          </h2>
          <form>
            <div>
              <label
                class="block mb-2 text-lg"
              >
                User
              </label>
              <div>
                <input
                  class="px-3 py-2 bg-white border border-gray-300 shadow-sm w-full rounded placeholder-gray-400"
                  data-testid="username"
                  id="username"
                  name="username"
                  placeholder="User"
                  type="text"
                  value=""
                />
              </div>
            </div>
            <div
              class="mt-3"
            >
              <label
                class="block mb-2 text-lg"
              >
                Password
              </label>
              <div
                class="mt-1"
              >
                <input
                  class="px-3 py-2 bg-white border border-gray-300 shadow-sm w-full rounded placeholder-gray-400"
                  data-testid="password"
                  id="password"
                  name="password"
                  placeholder="Password"
                  type="password"
                  value=""
                />
              </div>
            </div>
            <div
              class="mt-6 mb-6 text-center"
            >
              <button
                class="px-5 py-2 text-sm font-medium text-white bg-sky-400 hover:bg-sky-500 rounded-md disabled:bg-gray-300 hover:disabled:bg-gray-300"
                disabled=""
                type="submit"
              >
                Submit
              </button>
            </div>
          </form>
        </div>
      </div>
    </div>
  </body>,
  "container": <div>
    <div
      class="px-8 flex h-screen max-w-screen-md mx-auto"
    >
      <div
        class="my-auto w-full"
      >
        <h1
          class="text-3xl font-bold mb-6 text-center"
        >
          Employee Polls
        </h1>
        <h2
          class="text-2xl font-medium mb-2 text-center"
        >
          Log In
        </h2>
        <form>
          <div>
            <label
              class="block mb-2 text-lg"
            >
              User
            </label>
            <div>
              <input
                class="px-3 py-2 bg-white border border-gray-300 shadow-sm w-full rounded placeholder-gray-400"
                data-testid="username"
                id="username"
                name="username"
                placeholder="User"
                type="text"
                value=""
              />
            </div>
          </div>
          <div
            class="mt-3"
          >
            <label
              class="block mb-2 text-lg"
            >
              Password
            </label>
            <div
              class="mt-1"
            >
              <input
                class="px-3 py-2 bg-white border border-gray-300 shadow-sm w-full rounded placeholder-gray-400"
                data-testid="password"
                id="password"
                name="password"
                placeholder="Password"
                type="password"
                value=""
              />
            </div>
          </div>
          <div
            class="mt-6 mb-6 text-center"
          >
            <button
              class="px-5 py-2 text-sm font-medium text-white bg-sky-400 hover:bg-sky-500 rounded-md disabled:bg-gray-300 hover:disabled:bg-gray-300"
              disabled=""
              type="submit"
            >
              Submit
            </button>
          </div>
        </form>
      </div>
    </div>
  </div>,
  "debug": [Function],
  "findAllByAltText": [Function],
  "findAllByDisplayValue": [Function],
  "findAllByLabelText": [Function],
  "findAllByPlaceholderText": [Function],
  "findAllByRole": [Function],
  "findAllByTestId": [Function],
  "findAllByText": [Function],
  "findAllByTitle": [Function],
  "findByAltText": [Function],
  "findByDisplayValue": [Function],
  "findByLabelText": [Function],
  "findByPlaceholderText": [Function],
  "findByRole": [Function],
  "findByTestId": [Function],
  "findByText": [Function],
  "findByTitle": [Function],
  "getAllByAltText": [Function],
  "getAllByDisplayValue": [Function],
  "getAllByLabelText": [Function],
  "getAllByPlaceholderText": [Function],
  "getAllByRole": [Function],
  "getAllByTestId": [Function],
  "getAllByText": [Function],
  "getAllByTitle": [Function],
  "getByAltText": [Function],
  "getByDisplayValue": [Function],
  "getByLabelText": [Function],
  "getByPlaceholderText": [Function],
  "getByRole": [Function],
  "getByTestId": [Function],
  "getByText": [Function],
  "getByTitle": [Function],
  "queryAllByAltText": [Function],
  "queryAllByDisplayValue": [Function],
  "queryAllByLabelText": [Function],
  "queryAllByPlaceholderText": [Function],
  "queryAllByRole": [Function],
  "queryAllByTestId": [Function],
  "queryAllByText": [Function],
  "queryAllByTitle": [Function],
  "queryByAltText": [Function],
  "queryByDisplayValue": [Function],
  "queryByLabelText": [Function],
  "queryByPlaceholderText": [Function],
  "queryByRole": [Function],
  "queryByTestId": [Function],
  "queryByText": [Function],
  "queryByTitle": [Function],
  "rerender": [Function],
  "unmount": [Function],
}
`;
